---
source: src/tests/evaluation_error/type_mismatch_minus_infix_expression/mod.rs
expression: abstract_syntax_tree
---
[
    Expression {
        expression: MinusInfix {
            left_hand: String {
                literal: "456",
            },
            right_hand: Integer {
                literal: 7,
            },
        },
    },
]
