---
source: src/tests/let_statement/mod.rs
expression: tokens
---
[
    Let,
    Identifier {
        literal: "is_directory",
    },
    Assign,
    False,
    SemiColon,
]
