---
source: src/tests/integer_infix_expression/mod.rs
expression: tokens
---
[
    Minus,
    Integer {
        literal: 3,
    },
    Minus,
    Minus,
    Integer {
        literal: 3,
    },
]
