---
source: src/tests/integer_infix_expression/mod.rs
expression: abstract_syntax_tree
---
[
    Expression {
        expression: Infix {
            left_hand: Integer {
                literal: 5,
            },
            operator: Divide,
            right_hand: Integer {
                literal: 10,
            },
        },
    },
]
