---
source: src/tests/identifier_expression/mod.rs
expression: abstract_syntax_tree
---
[
    Statement {
        statement: Let {
            identifier: "a",
            expression: Integer {
                literal: 5,
            },
        },
    },
    Expression {
        expression: Identifier {
            identifier: "a",
        },
    },
]
