---
source: src/tests/identifier_expression/mod.rs
expression: evaluator
---
Evaluator {
    environment: Environment {
        variables: {
            "csv_content": String {
                value: "col_1\tcol_2\tcol_3\n",
            },
        },
        sub_environment: None,
    },
}
