---
source: src/tests/identifier_expression/mod.rs
expression: evaluation
---
Function {
    parameters: [
        "x",
        "y",
    ],
    block: Block {
        nodes: [
            Expression {
                expression: PlusInfix {
                    left_hand: Identifier {
                        identifier: "x",
                    },
                    right_hand: Identifier {
                        identifier: "y",
                    },
                },
            },
        ],
    },
}
