---
source: src/syntax_analysis/tests.rs
expression: returned_abstract_syntax_tree
---
{
  "program": [
    {
      "LET_STATEMENT": {
        "let_token": {
          "token_type": "LET",
          "literal": "let"
        },
        "identifier_token": {
          "token_type": "IDENTIFIER",
          "literal": "x"
        }
      }
    },
    {
      "RETURN_STATEMENT": {
        "return_token": {
          "token_type": "RETURN",
          "literal": "RETURN"
        }
      }
    }
  ]
}
