---
source: src/syntax_analysis/tests.rs
expression: returned_abstract_syntax_tree
---
{
  "program": [
    {
      "EXPRESSION_STATEMENT": {
        "initial_expression_token": {
          "token_type": "FALSE",
          "literal": "false"
        },
        "expression": {
          "BOOLEAN": {
            "boolean_token": {
              "token_type": "FALSE",
              "literal": "false"
            }
          }
        }
      }
    }
  ],
  "syntax_parsing_errors": []
}
