---
source: src/evaluator/expression/infix/tests/mod.rs
expression: "crate::evaluator::evaluate(crate::evaluator::model::evaluator_context::EvaluatorContext::new(),\n                           crate::syntax_analysis::SyntaxAnalysis::from(crate::lexical_analysis::LexicalAnalysis::from(code)))"

---
(
    EvaluatorContext,
    False,
)
