---
source: src/evaluator/infix/tests/mod.rs
expression: "crate::evaluator::evaluate(crate::syntax_analysis::get_abstract_syntax_tree(crate::lexical_analysis::get_tokens(code.to_string())))"
---
{
  "INTEGER": {
    "value": 1
  }
}
