---
source: src/syntax_analysis/expression/pratt_parsing/call_expression/tests/mod.rs
expression: "crate::syntax_analysis::SyntaxAnalysis::from(crate::lexical_analysis::LexicalAnalysis::from(code).unwrap())"

---
Ok(
    [
        Expression {
            expression: Call {
                function: Identifier {
                    identifier: "add",
                },
                arguments: [
                    Integer {
                        literal: 3,
                    },
                    Infix {
                        left_hand: Integer {
                            literal: 7,
                        },
                        operator: Multiply,
                        right_hand: Integer {
                            literal: 2,
                        },
                    },
                ],
            },
        },
    ],
)
