---
source: src/syntax_analysis/expressions/tests.rs
expression: returned_abstract_syntax_tree
---
{
  "abstract_syntax_tree": [
    {
      "EXPRESSION": {
        "expression": {
          "BOOLEAN": {
            "boolean_token": "FALSE"
          }
        }
      }
    }
  ],
  "syntax_parsing_errors": []
}
