---
source: src/syntax_analysis/tests/mod.rs
expression: "crate::syntax_analysis::SyntaxAnalysis::from(crate::lexical_analysis::LexicalAnalysis::from(code))"

---
AbstractSyntaxTree {
    abstract_syntax_tree: [],
    syntax_parsing_errors: [
        "Syntax error : Do not know how to parse SemiColon as an expression.",
    ],
}
