---
source: src/lexical_analysis/tests.rs
expression: returned_token_order
---
[
  {
    "token_type": "MINUS",
    "literal": "-"
  },
  {
    "token_type": "DIVIDE",
    "literal": "/"
  },
  {
    "token_type": "MULTIPLY",
    "literal": "*"
  },
  {
    "token_type": "EOF",
    "literal": ""
  }
]
