---
source: src/lexical_analysis/tests.rs
expression: returned_token_order
---
[
  {
    "token_type": "ASSIGN",
    "literal": "="
  },
  {
    "token_type": "PLUS",
    "literal": "+"
  },
  {
    "token_type": "OPENING_ROUND_BRACKET",
    "literal": "("
  },
  {
    "token_type": "CLOSING_ROUND_BRACKET",
    "literal": ")"
  },
  {
    "token_type": "EOF",
    "literal": ""
  }
]
