---
source: src/lexical_analysis/tests.rs
expression: returned_tokens
---
[
  "EOF"
]
