---
source: src/syntax_analysis/expression/pratt_parsing/infix_expression/tests/mod.rs
expression: "crate::syntax_analysis::get_abstract_syntax_tree(crate::lexical_analysis::LexicalAnalysis::from(code))"

---
AbstractSyntaxTree {
    abstract_syntax_tree: [
        Expression {
            expression: Infix {
                left_hand: Infix {
                    left_hand: Integer {
                        integer_token: Integer {
                            literal: "10",
                        },
                    },
                    operator_token: GreaterThan,
                    right_hand: Integer {
                        integer_token: Integer {
                            literal: "5",
                        },
                    },
                },
                operator_token: Equals,
                right_hand: Boolean {
                    boolean_token: True,
                },
            },
        },
    ],
    syntax_parsing_errors: [],
}
