---
source: src/tests/edge_cases/mod.rs
expression: evaluator
---
Evaluator {
    environment: Environment {
        variables: {},
        sub_environment: None,
    },
}
