---
source: src/tests/fn_expression/mod.rs
expression: tokens
---
[
    Function,
    OpeningRoundBracket,
    ClosingRoundBracket,
    OpeningCurlyBracket,
    ClosingCurlyBracket,
    EndOfFile,
]
