---
source: src/tests/evaluation_error/type_mismatch_multiply_infix_expression/mod.rs
expression: abstract_syntax_tree
---
[
    Expression {
        expression: MultiplyInfix {
            left_hand: Boolean {
                literal: true,
            },
            right_hand: Boolean {
                literal: true,
            },
        },
    },
]
