---
source: src/tests/evaluation_error/type_mismatch_integer_infix_expression/mod.rs
expression: tokens
---
[
    True,
    Minus,
    String {
        literal: "this is a string",
    },
]
