---
source: src/tests/evaluation_error/type_mismatch_integer_infix_expression/mod.rs
expression: abstract_syntax_tree
---
[
    Expression {
        expression: Infix {
            left_hand: String {
                literal: "divide me ",
            },
            operator: Divide,
            right_hand: Boolean {
                boolean: True,
            },
        },
    },
]
