---
source: src/tests/evaluation_error/unknown_operator_integer_infix_expression/mod.rs
expression: tokens
---
[
    True,
    Minus,
    True,
]
