---
source: src/tests/return_statement/mod.rs
expression: evaluation
---
Integer {
    value: 10,
}
