---
source: src/tests/boolean_prefix_expression/mod.rs
expression: abstract_syntax_tree
---
[
    Expression {
        expression: NotPrefix {
            right_hand: NotPrefix {
                right_hand: Boolean {
                    literal: true,
                },
            },
        },
    },
]
