---
source: src/tests/evaluator_error/type_mismatch_integer_infix_expression/mod.rs
expression: abstract_syntax_tree
---
[
    Expression {
        expression: Infix {
            left_hand: Integer {
                literal: 12,
            },
            operator: Multiply,
            right_hand: String {
                literal: "muliply",
            },
        },
    },
]
