---
source: src/tests/evaluator_error/type_mismatch_integer_infix_expression/mod.rs
expression: error
---
Err(
    TypeMismatch,
)
