---
source: src/tests/let_statements/mod.rs
expression: evaluator

---
Evaluator {
    environment: Environment {
        variables: {
            "a": Integer {
                value: 5,
            },
        },
        sub_environment: None,
    },
}
