---
source: src/tests/let_statements/mod.rs
expression: evaluator

---
Evaluator {
    environment: Environment {
        variables: {
            "PascalCase": String {
                value: "terrible format",
            },
        },
        sub_environment: None,
    },
}
