---
source: src/tests/let_statements/mod.rs
expression: evaluator

---
Evaluator {
    environment: Environment {
        variables: {
            "file": String {
                value: "/tmp/temp.txt",
            },
        },
        sub_environment: None,
    },
}
