---
source: src/tests/evaluation_error/type_mismatch_plus_infix_expression/mod.rs
expression: tokens
---
[
    String {
        literal: "456",
    },
    Plus,
    Integer {
        literal: 7,
    },
    EndOfFile,
]
