---
source: src/tests/boolean_infix_expression/mod.rs
expression: tokens
---
[
    True,
    Equals,
    False,
]
